// Jest Snapshot v1, https://goo.gl/fbAQLP

exports[`matches the snapshot ProductView 1`] = `
Array [
  <div
    className="storeBanner"
  >
    <span>
      <span
        className="react-loading-skeleton css-1eg0sfo-skeletonStyles-Skeleton"
        style={
          Object {
            "height": "100%",
            "paddingTop": 10,
            "width": "100%",
          }
        }
      >
        ‌
      </span>
    </span>
    <div />
  </div>,
  <div
    className="merchant-section"
    style={
      Object {
        "backgroundColor": "",
      }
    }
  >
    <div
      className="inside-merchantSection"
    >
      <div
        className="merchant-info"
      >
        <div
          className="top-merchantInfo"
        >
          <div
            className="inside-topMerchantInfo"
          >
            <div
              className="merchant-title"
            >
              <div
                className="merchant-logo"
              >
                <span>
                  <span
                    className="react-loading-skeleton css-1eg0sfo-skeletonStyles-Skeleton"
                    style={
                      Object {
                        "height": "100%",
                        "paddingTop": 10,
                        "width": "100%",
                      }
                    }
                  >
                    ‌
                  </span>
                </span>
              </div>
              <div
                className="merchant-name"
              >
                <div
                  className="merchant-mainName"
                >
                  <span>
                    <span
                      className="react-loading-skeleton css-1eg0sfo-skeletonStyles-Skeleton"
                      style={
                        Object {
                          "paddingTop": 30,
                          "width": 200,
                        }
                      }
                    >
                      ‌
                    </span>
                  </span>
                </div>
                <div
                  className="merchant-categName"
                >
                  <div
                    className="merchant-allcateg"
                  >
                    Merchant Category
                  </div>
                  <div
                    className="merchant-starInfo"
                  />
                </div>
              </div>
            </div>
            <div
              className="merchant-call-sec"
              onClick={[Function]}
            >
              <div
                className="merchant-call"
              >
                <span
                  className="merchantCall-icon"
                >
                  <img
                    alt=""
                    className="merchantCall-img"
                    src="phone.png"
                  />
                </span>
              </div>
            </div>
          </div>
        </div>
        <div
          className="bottom-merchantInfo"
        >
          <div
            className="inside-bottomMerchantInfo"
          >
            <div
              className="merchantdetail-section"
            >
              <div
                className="icon-based"
              >
                <img
                  alt=""
                  className="locationicon"
                  src="location.png"
                />
              </div>
              <div
                className="detail-info"
              >
                <div
                  className="top-detail-info"
                >
                  Store Address
                </div>
                <div
                  className="bottom-detail-info"
                >
                  <span>
                    <span
                      className="react-loading-skeleton css-1eg0sfo-skeletonStyles-Skeleton"
                      style={
                        Object {
                          "paddingTop": 30,
                          "width": 100,
                        }
                      }
                    >
                      ‌
                    </span>
                  </span>
                </div>
              </div>
            </div>
          </div>
        </div>
      </div>
      <div
        className="merchant-category"
      >
        <div
          className="select-category"
        >
          <div
            className="listCategory"
          >
            <h2
              className="categoryName"
            >
              All Categories
            </h2>
            <div
              className="arrow-based"
              onClick={[Function]}
            >
              <img
                alt=""
                className="arrowicon"
                src="arrowselect.png"
              />
            </div>
          </div>
        </div>
      </div>
    </div>
  </div>,
  <div
    className="product-layout"
    style={
      Object {
        "backgroundColor": "",
      }
    }
  >
    <div
      className="mainproduct-sec"
    >
      <div
        className="product-section"
      >
        <h2
          className="product-categ"
          id=""
        >
          <span>
            <span
              className="react-loading-skeleton css-1eg0sfo-skeletonStyles-Skeleton"
              style={
                Object {
                  "height": 50,
                  "width": 200,
                }
              }
            >
              ‌
            </span>
          </span>
        </h2>
        <div
          className="list-product"
        />
        <div
          id={0}
        />
      </div>
      <div
        className="pikapp-info"
      >
        <h3
          className="pikappInfo"
        >
          Digital Menu By
        </h3>
        <img
          alt=""
          className="Logopikapp"
          src="logo4x.png"
        />
      </div>
    </div>
  </div>,
]
`;
